../Core/Src/main.c:59:6:LCD	24	static
../Core/Src/main.c:96:6:LCD_command	16	static
../Core/Src/main.c:102:6:LCD_data	16	static
../Core/Src/main.c:113:6:LCD_init	8	static
../Core/Src/main.c:122:6:Print	48	static
../Core/Src/main.c:152:6:ADC_Select_CH0	24	static
../Core/Src/main.c:163:6:ADC_Select_CH1	24	static
../Core/Src/main.c:174:6:ADC_Select_CH2	24	static
../Core/Src/main.c:191:5:main	24	static
../Core/Src/main.c:288:6:SystemClock_Config	88	static
../Core/Src/main.c:332:13:MX_ADC1_Init	24	static
../Core/Src/main.c:397:13:MX_GPIO_Init	40	static
../Core/Src/main.c:446:6:Error_Handler	4	static,ignoring_inline_asm
